WARNING:root:hello
